Copyright 1986-2018 Xilinx, Inc. All Rights Reserved.
----------------------------------------------------------------------------------------
| Tool Version : Vivado v.2018.2 (lin64) Build 2258646 Thu Jun 14 20:02:38 MDT 2018
| Date         : Tue Mar 31 20:16:12 2020
| Host         : rochor-Swift-SF315-51G running 64-bit Linux Mint 19.3 Tricia
| Command      : report_control_sets -verbose -file Top_Student_control_sets_placed.rpt
| Design       : Top_Student
| Device       : xc7a35t
----------------------------------------------------------------------------------------

Control Set Information

Table of Contents
-----------------
1. Summary
2. Histogram
3. Flip-Flop Distribution
4. Detailed Control Set Information

1. Summary
----------

+----------------------------------------------------------+-------+
|                          Status                          | Count |
+----------------------------------------------------------+-------+
| Number of unique control sets                            |   107 |
| Unused register locations in slices containing registers |    36 |
+----------------------------------------------------------+-------+


2. Histogram
------------

+--------+--------------+
| Fanout | Control Sets |
+--------+--------------+
|      2 |            2 |
|      4 |            2 |
|      8 |            2 |
|     14 |            2 |
|    16+ |           99 |
+--------+--------------+


3. Flip-Flop Distribution
-------------------------

+--------------+-----------------------+------------------------+-----------------+--------------+
| Clock Enable | Synchronous Set/Reset | Asynchronous Set/Reset | Total Registers | Total Slices |
+--------------+-----------------------+------------------------+-----------------+--------------+
| No           | No                    | No                     |             152 |           45 |
| No           | No                    | Yes                    |               0 |            0 |
| No           | Yes                   | No                     |             420 |           65 |
| Yes          | No                    | No                     |             632 |          150 |
| Yes          | No                    | Yes                    |               0 |            0 |
| Yes          | Yes                   | No                     |            1216 |          228 |
+--------------+-----------------------+------------------------+-----------------+--------------+


4. Detailed Control Set Information
-----------------------------------

+--------------------------------+-----------------------------------------------+--------------------------------------+------------------+----------------+
|          Clock Signal          |                 Enable Signal                 |           Set/Reset Signal           | Slice Load Count | Bel Load Count |
+--------------------------------+-----------------------------------------------+--------------------------------------+------------------+----------------+
|  CLK50MHZ                      |                                               |                                      |                1 |              2 |
| ~clk6p25m_BUFG                 |                                               |                                      |                1 |              2 |
|  CLK25MHZ                      |                                               |                                      |                2 |              4 |
|  bl/c1/cout                    |                                               |                                      |                1 |              4 |
|  CLK100MHZ_IBUF_BUFG           | vc/tmp_max_vol[11]_i_1_n_0                    |                                      |                2 |              8 |
|  CLK25MHZ                      | control2/cpu_instance/writereg                |                                      |                1 |              8 |
|  control1/sd/c200/dig_curr_reg |                                               |                                      |                2 |             14 |
|  CLK100MHZ_IBUF_BUFG           |                                               |                                      |                7 |             14 |
|  J_MIC3_Pin1_OBUF              |                                               |                                      |                3 |             24 |
|  CLK100MHZ_IBUF_BUFG           |                                               | J_MIC3_Pin1_OBUF                     |                3 |             24 |
|  CLK100MHZ_IBUF_BUFG           | vc/tmp_max_vol0_carry__0_n_2                  | vc/tmp_max_vol[11]_i_1_n_0           |                4 |             24 |
| ~ac/J_MIC3_Pin4_OBUF           |                                               |                                      |                3 |             24 |
| ~CLK25MHZ                      | control2/cpu_instance/dp_reg[0]               |                                      |                5 |             24 |
|  CLK25MHZ                      | control2/cpu_instance/rf_data[22][15]_i_1_n_0 | btnC_IBUF                            |                5 |             32 |
|  CLK25MHZ                      | control2/cpu_instance/rf_data[28][31]_i_1_n_0 | btnC_IBUF                            |                4 |             32 |
|  CLK25MHZ                      | control2/cpu_instance/rf_data[29][15]_i_1_n_0 | btnC_IBUF                            |                9 |             32 |
|  CLK25MHZ                      | control2/cpu_instance/rf_data[29][31]_i_1_n_0 | btnC_IBUF                            |                5 |             32 |
|  CLK25MHZ                      | control2/cpu_instance/rf_data[2][15]_i_1_n_0  | btnC_IBUF                            |                7 |             32 |
|  CLK25MHZ                      | control2/cpu_instance/rf_data[2][31]_i_1_n_0  | btnC_IBUF                            |                5 |             32 |
|  CLK25MHZ                      | control2/cpu_instance/rf_data[30][15]_i_1_n_0 | btnC_IBUF                            |                8 |             32 |
|  CLK25MHZ                      | control2/cpu_instance/rf_data[30][31]_i_1_n_0 | btnC_IBUF                            |                5 |             32 |
|  CLK25MHZ                      | control2/cpu_instance/rf_data[31][15]_i_1_n_0 | btnC_IBUF                            |                7 |             32 |
|  CLK25MHZ                      | control2/cpu_instance/rf_data[31][31]_i_1_n_0 | btnC_IBUF                            |                4 |             32 |
|  CLK25MHZ                      | control2/cpu_instance/rf_data[3][15]_i_1_n_0  | btnC_IBUF                            |                9 |             32 |
|  CLK25MHZ                      | control2/cpu_instance/rf_data[3][31]_i_1_n_0  | btnC_IBUF                            |                8 |             32 |
|  CLK25MHZ                      | control2/cpu_instance/rf_data[8][15]_i_1_n_0  | btnC_IBUF                            |                6 |             32 |
|  CLK25MHZ                      | control2/cpu_instance/rf_data[8][31]_i_1_n_0  | btnC_IBUF                            |                3 |             32 |
|  CLK25MHZ                      | control2/cpu_instance/rf_data[9][15]_i_1_n_0  | btnC_IBUF                            |                7 |             32 |
|  CLK25MHZ                      | control2/cpu_instance/rf_data[9][31]_i_1_n_0  | btnC_IBUF                            |                3 |             32 |
| ~CLK25MHZ                      | control2/cpu_instance/led_reg[0][0]           |                                      |               12 |             32 |
|  CLK25MHZ                      | control2/cpu_instance/rf_data[23][31]_i_1_n_0 | btnC_IBUF                            |                5 |             32 |
|  CLK25MHZ                      | control2/cpu_instance/rf_data[0][15]_i_1_n_0  | btnC_IBUF                            |                8 |             32 |
|  CLK25MHZ                      | control2/cpu_instance/rf_data[0][31]_i_1_n_0  | btnC_IBUF                            |                6 |             32 |
|  CLK25MHZ                      | control2/cpu_instance/rf_data[10][15]_i_1_n_0 | btnC_IBUF                            |                8 |             32 |
|  CLK25MHZ                      | control2/cpu_instance/rf_data[10][31]_i_1_n_0 | btnC_IBUF                            |                6 |             32 |
|  CLK25MHZ                      | control2/cpu_instance/rf_data[11][15]_i_1_n_0 | btnC_IBUF                            |               10 |             32 |
|  CLK25MHZ                      | control2/cpu_instance/rf_data[11][31]_i_1_n_0 | btnC_IBUF                            |               12 |             32 |
|  CLK25MHZ                      | control2/cpu_instance/rf_data[1][15]_i_1_n_0  | btnC_IBUF                            |                5 |             32 |
|  CLK25MHZ                      | control2/cpu_instance/rf_data[1][31]_i_1_n_0  | btnC_IBUF                            |                5 |             32 |
|  CLK25MHZ                      | control2/cpu_instance/rf_data[20][15]_i_1_n_0 | btnC_IBUF                            |                5 |             32 |
|  CLK25MHZ                      | control2/cpu_instance/rf_data[20][31]_i_1_n_0 | btnC_IBUF                            |                5 |             32 |
|  CLK25MHZ                      | control2/cpu_instance/rf_data[21][15]_i_1_n_0 | btnC_IBUF                            |                6 |             32 |
|  CLK25MHZ                      | control2/cpu_instance/rf_data[21][31]_i_1_n_0 | btnC_IBUF                            |                3 |             32 |
|  CLK25MHZ                      | control2/cpu_instance/rf_data[22][31]_i_1_n_0 | btnC_IBUF                            |                4 |             32 |
|  CLK25MHZ                      | control2/cpu_instance/rf_data[23][15]_i_1_n_0 | btnC_IBUF                            |                8 |             32 |
|  CLK25MHZ                      | control2/cpu_instance/rf_data[28][15]_i_1_n_0 | btnC_IBUF                            |                9 |             32 |
| ~clk6p25m_BUFG                 |                                               | bl/dff1/rst                          |                4 |             34 |
| ~clk6p25m_BUFG                 | od/delay[0]_i_1_n_0                           | bl/dff1/rst                          |                5 |             40 |
|  CLK100MHZ_IBUF_BUFG           |                                               | bl/c1/counter[19]_i_1__0_n_0         |                6 |             40 |
|  CLK100MHZ_IBUF_BUFG           |                                               | control1/sd/c200/counter[19]_i_1_n_0 |                6 |             40 |
| ~clk6p25m_BUFG                 | od/state                                      | bl/dff1/rst                          |                7 |             64 |
| ~CLK25MHZ                      | control2/cpu_instance/E[0]                    |                                      |               19 |             64 |
|  CLK100MHZ_IBUF_BUFG           |                                               | vc/tmp_max_vol[11]_i_1_n_0           |                8 |             64 |
|  CLK100MHZ_IBUF_BUFG           |                                               | counter_1[31]_i_1_n_0                |                9 |             64 |
|  CLK100MHZ_IBUF_BUFG           |                                               | counter_2[31]_i_1_n_0                |                9 |             64 |
|  CLK25MHZ                      | control2/cpu_instance/p_2_in                  | btnC_IBUF                            |               12 |             64 |
| ~CLK25MHZ                      |                                               |                                      |               25 |             64 |
| ~clk6p25m_BUFG                 |                                               | od/spi_word[39]_i_1_n_0              |               20 |             90 |
| ~CLK25MHZ                      | control2/cpu_instance/cpu_din_reg[15]_25      |                                      |               16 |            128 |
| ~CLK25MHZ                      | control2/cpu_instance/cpu_din_reg[15]_17      |                                      |               16 |            128 |
| ~CLK25MHZ                      | control2/cpu_instance/cpu_din_reg[15]_24      |                                      |               16 |            128 |
| ~CLK25MHZ                      | control2/cpu_instance/cpu_din_reg[15]_23      |                                      |               16 |            128 |
| ~CLK25MHZ                      | control2/cpu_instance/cpu_din_reg[15]_22      |                                      |               16 |            128 |
| ~CLK25MHZ                      | control2/cpu_instance/cpu_din_reg[15]_21      |                                      |               16 |            128 |
| ~CLK25MHZ                      | control2/cpu_instance/cpu_din_reg[15]_20      |                                      |               16 |            128 |
| ~CLK25MHZ                      | control2/cpu_instance/cpu_din_reg[15]_2       |                                      |               16 |            128 |
| ~CLK25MHZ                      | control2/cpu_instance/cpu_din_reg[15]_19      |                                      |               16 |            128 |
| ~CLK25MHZ                      | control2/cpu_instance/cpu_din_reg[15]_18      |                                      |               16 |            128 |
| ~CLK25MHZ                      | control2/cpu_instance/cpu_din_reg[15]_16      |                                      |               16 |            128 |
| ~CLK25MHZ                      | control2/cpu_instance/cpu_din_reg[15]_26      |                                      |               16 |            128 |
| ~CLK25MHZ                      | control2/cpu_instance/cpu_din_reg[15]_27      |                                      |               16 |            128 |
| ~CLK25MHZ                      | control2/cpu_instance/cpu_din_reg[15]_4       |                                      |               16 |            128 |
| ~CLK25MHZ                      | control2/cpu_instance/cpu_din_reg[15]_29      |                                      |               16 |            128 |
| ~CLK25MHZ                      | control2/cpu_instance/cpu_din_reg[15]_9       |                                      |               16 |            128 |
| ~CLK25MHZ                      | control2/cpu_instance/cpu_din_reg[15]_32      |                                      |               16 |            128 |
| ~CLK25MHZ                      | control2/cpu_instance/cpu_din_reg[15]_33      |                                      |               16 |            128 |
| ~CLK25MHZ                      | control2/cpu_instance/cpu_din_reg[15]_46      |                                      |               16 |            128 |
| ~CLK25MHZ                      | control2/cpu_instance/cpu_din_reg[15]_28      |                                      |               16 |            128 |
| ~CLK25MHZ                      | control2/cpu_instance/cpu_din_reg[15]_45      |                                      |               16 |            128 |
| ~CLK25MHZ                      | control2/cpu_instance/cpu_din_reg[15]_40      |                                      |               16 |            128 |
| ~CLK25MHZ                      | control2/cpu_instance/cpu_din_reg[15]_31      |                                      |               16 |            128 |
| ~CLK25MHZ                      | control2/cpu_instance/cpu_din_reg[15]_3       |                                      |               16 |            128 |
| ~CLK25MHZ                      | control2/cpu_instance/cpu_din_reg[15]_43      |                                      |               16 |            128 |
| ~CLK25MHZ                      | control2/cpu_instance/cpu_din_reg[15]_5       |                                      |               16 |            128 |
| ~CLK25MHZ                      | control2/cpu_instance/cpu_din_reg[15]_6       |                                      |               16 |            128 |
| ~CLK25MHZ                      | control2/cpu_instance/cpu_din_reg[15]_7       |                                      |               16 |            128 |
| ~CLK25MHZ                      | control2/cpu_instance/cpu_din_reg[15]_30      |                                      |               16 |            128 |
| ~CLK25MHZ                      | control2/cpu_instance/cpu_din_reg[15]_8       |                                      |               16 |            128 |
| ~CLK25MHZ                      | control2/cpu_instance/cpu_din_reg[15]_35      |                                      |               16 |            128 |
| ~CLK25MHZ                      | control2/cpu_instance/cpu_din_reg[15]_36      |                                      |               16 |            128 |
| ~CLK25MHZ                      | control2/cpu_instance/cpu_din_reg[15]_37      |                                      |               16 |            128 |
| ~CLK25MHZ                      | control2/cpu_instance/cpu_din_reg[15]_38      |                                      |               16 |            128 |
| ~CLK25MHZ                      | control2/cpu_instance/cpu_din_reg[15]_44      |                                      |               16 |            128 |
| ~CLK25MHZ                      | control2/cpu_instance/cpu_din_reg[15]_41      |                                      |               16 |            128 |
| ~CLK25MHZ                      | control2/cpu_instance/cpu_din_reg[15]_42      |                                      |               16 |            128 |
| ~CLK25MHZ                      | control2/cpu_instance/cpu_din_reg[15]_34      |                                      |               16 |            128 |
| ~CLK25MHZ                      | control2/cpu_instance/cpu_din_reg[15]_39      |                                      |               16 |            128 |
| ~CLK25MHZ                      | control2/cpu_instance/cpu_din_reg[15]         |                                      |               16 |            128 |
| ~CLK25MHZ                      | control2/cpu_instance/cpu_din_reg[15]_0       |                                      |               16 |            128 |
| ~CLK25MHZ                      | control2/cpu_instance/cpu_din_reg[15]_1       |                                      |               16 |            128 |
| ~CLK25MHZ                      | control2/cpu_instance/cpu_din_reg[15]_10      |                                      |               16 |            128 |
| ~CLK25MHZ                      | control2/cpu_instance/cpu_din_reg[15]_11      |                                      |               16 |            128 |
| ~CLK25MHZ                      | control2/cpu_instance/cpu_din_reg[15]_12      |                                      |               16 |            128 |
| ~CLK25MHZ                      | control2/cpu_instance/cpu_din_reg[15]_13      |                                      |               16 |            128 |
| ~CLK25MHZ                      | control2/cpu_instance/cpu_din_reg[15]_14      |                                      |               16 |            128 |
| ~CLK25MHZ                      | control2/cpu_instance/cpu_din_reg[15]_15      |                                      |               16 |            128 |
|  CLK25MHZ                      | control2/cpu_instance/write_i_1_n_0           |                                      |              111 |            496 |
+--------------------------------+-----------------------------------------------+--------------------------------------+------------------+----------------+


