Copyright 1986-2018 Xilinx, Inc. All Rights Reserved.
----------------------------------------------------------------------------------------
| Tool Version : Vivado v.2018.2 (lin64) Build 2258646 Thu Jun 14 20:02:38 MDT 2018
| Date         : Mon Mar 23 20:23:04 2020
| Host         : rochor-Swift-SF315-51G running 64-bit Linux Mint 19.3 Tricia
| Command      : report_control_sets -verbose -file Top_Student_control_sets_placed.rpt
| Design       : Top_Student
| Device       : xc7a35t
----------------------------------------------------------------------------------------

Control Set Information

Table of Contents
-----------------
1. Summary
2. Histogram
3. Flip-Flop Distribution
4. Detailed Control Set Information

1. Summary
----------

+----------------------------------------------------------+-------+
|                          Status                          | Count |
+----------------------------------------------------------+-------+
| Number of unique control sets                            |    13 |
| Unused register locations in slices containing registers |    28 |
+----------------------------------------------------------+-------+


2. Histogram
------------

+--------+--------------+
| Fanout | Control Sets |
+--------+--------------+
|      2 |            1 |
|      4 |            1 |
|     10 |            1 |
|    16+ |           10 |
+--------+--------------+


3. Flip-Flop Distribution
-------------------------

+--------------+-----------------------+------------------------+-----------------+--------------+
| Clock Enable | Synchronous Set/Reset | Asynchronous Set/Reset | Total Registers | Total Slices |
+--------------+-----------------------+------------------------+-----------------+--------------+
| No           | No                    | No                     |              64 |           18 |
| No           | No                    | Yes                    |               0 |            0 |
| No           | Yes                   | No                     |             316 |           45 |
| Yes          | No                    | No                     |               0 |            0 |
| Yes          | No                    | Yes                    |               0 |            0 |
| Yes          | Yes                   | No                     |             104 |           14 |
+--------------+-----------------------+------------------------+-----------------+--------------+


4. Detailed Control Set Information
-----------------------------------

+----------------------+---------------------------------+-------------------------------------+------------------+----------------+
|     Clock Signal     |          Enable Signal          |           Set/Reset Signal          | Slice Load Count | Bel Load Count |
+----------------------+---------------------------------+-------------------------------------+------------------+----------------+
| ~clk6p25m_BUFG       |                                 |                                     |                1 |              2 |
|  bl/c1/cout          |                                 |                                     |                2 |              4 |
|  CLK100MHZ_IBUF_BUFG |                                 |                                     |                5 |             10 |
|  CLK100MHZ_IBUF_BUFG |                                 | J_MIC3_Pin1_OBUF                    |                3 |             24 |
|  J_MIC3_Pin1_OBUF    |                                 |                                     |                5 |             24 |
| ~ac/J_MIC3_Pin4_OBUF |                                 |                                     |                5 |             24 |
| ~clk6p25m_BUFG       |                                 | bl/dff1/rst                         |                4 |             34 |
|  CLK100MHZ_IBUF_BUFG |                                 | bl/c1/counter[19]_i_1_n_0           |                6 |             40 |
| ~clk6p25m_BUFG       | od/delay[0]_i_1_n_0             | bl/dff1/rst                         |                5 |             40 |
|  CLK100MHZ_IBUF_BUFG |                                 | counter_2[31]_i_1_n_0               |                9 |             64 |
|  CLK100MHZ_IBUF_BUFG |                                 | counter_1[31]_i_1_n_0               |                9 |             64 |
| ~clk6p25m_BUFG       | od/FSM_onehot_state[31]_i_2_n_0 | bl/dff1/rst                         |                9 |             64 |
| ~clk6p25m_BUFG       |                                 | bl/dff2/spi_word_bit_count_reg[5]_0 |               14 |             90 |
+----------------------+---------------------------------+-------------------------------------+------------------+----------------+


